aero-44: 0/9 series got info blocks
aero-55: 0/15 series got info blocks
antenna: 0/15 series got info blocks
automotive: 151/170 series got info blocks
bs5467-power: 0/31 series got info blocks
battery: 1/1 series got info blocks
emd-locomotive: 20/20 series got info blocks
ev: 1/48 series got info blocks
fire-resistant: 0/20 series got info blocks
fluoroelastomer: 0/3 series got info blocks
is1554-control: 0/12 series got info blocks
is7098-power: 0/31 series got info blocks
indian-railway: 19/20 series got info blocks
irrigation-comm: 5/24 series got info blocks
marine: 6/136 series got info blocks
nuclear: 0/10 series got info blocks
pw-125: 0/1 series got info blocks
conduits: 0/10 series got info blocks
rolling-stock: 7/61 series got info blocks
rubber: 8/42 series got info blocks
sflex: 64/114 series got info blocks
sietherm-125: 0/2 series got info blocks
sietherm-155: 0/2 series got info blocks
silicone: 110/125 series got info blocks
solar: 0/32 series got info blocks
ul-appliance: 25/28 series got info blocks
welding: 1/4 series got info blocks
wind: 16/29 series got info blocks

TOTAL: 434/1015 series have info blocks
